============================= test session starts =============================
platform win32 -- Python 3.14.3, pytest-9.0.2, pluggy-1.6.0
rootdir: C:\PROJE\optiplan360_project
configfile: pytest.ini
plugins: anyio-4.12.1
collected 5 items

backend\tests\test_crm_service.py .....                                  [100%]

============================== 5 passed in 0.81s ==============================
